abcde^*/+
ab+C*De--fg-^
AB^C*EF/GH-/+
A2*
A2*c+d-2/
24*ab^/2c*/
