coracao picanha maminha
asinha linguica alcatra pernil
e b c d a
